// Jest Snapshot v1, https://goo.gl/fbAQLP

exports[`Test Root Component should render Home component 1`] = `
<div>
  <div>
    <div
      className="ui blue inverted vertical ui left visible sidebar menu"
      style={
        Object {
          "width": "300px",
        }
      }
    >
      <div
        className="item"
        onClick={[Function]}
      >
        <i
          aria-hidden="true"
          className="icon"
        />
      </div>
      <a
        className="active item"
        onClick={[Function]}
      >
        Home
      </a>
      <a
        className="item"
        onClick={[Function]}
      >
        Timetable Editor
      </a>
      <a
        className="item"
        onClick={[Function]}
      >
        Data Management
      </a>
      <div
        className="menu"
      >
        <a
          className="item"
          onClick={[Function]}
        >
          Lecturers
        </a>
        <a
          className="item"
          onClick={[Function]}
        >
          Rooms
        </a>
        <a
          className="item"
          onClick={[Function]}
        >
          Subjects
        </a>
      </div>
      <a
        className="item"
        onClick={[Function]}
      >
        Condition Management
      </a>
    </div>
    <div
      style={
        Object {
          "margin": "20px 360px",
          "paddingTop": "30px",
          "width": "1100px",
        }
      }
    >
      <h1
        className="ui header sc-bdVaJa bbacql"
      >
        Timetable Scheduling Processes
      </h1>
      <table
        className="ui fixed very basic table"
        style={
          Object {
            "overflow": "scroll",
          }
        }
      >
        <thead
          className="sc-bwzfXH kabNnl"
        >
          <tr
            className=""
          >
            <th
              className="twelve wide sc-htpNat kpOWAC"
            >
              Semester
            </th>
            <th
              className="sc-htpNat kpOWAC"
            >
              Status
            </th>
          </tr>
        </thead>
        <tbody
          className=""
        >
          <tr
            className=""
          >
            <td
              className="sc-bxivhb jpuhWO"
            >
              2/2560
            </td>
            <td
              className="sc-bxivhb jpuhWO"
            >
              <i
                aria-hidden="true"
                className="green checkmark big icon"
                textAlign="center"
              />
            </td>
          </tr>
          <tr
            className=""
          >
            <td
              className="sc-bxivhb jpuhWO"
            >
              2/2561
            </td>
            <td
              className="sc-bxivhb jpuhWO"
            >
              <i
                aria-hidden="true"
                className="red refresh big loading icon"
              />
            </td>
          </tr>
        </tbody>
      </table>
    </div>
    <button
      className="ui primary button"
      disabled={undefined}
      onBlur={[Function]}
      onClick={[Function]}
      onFocus={[Function]}
      onMouseEnter={[Function]}
      onMouseLeave={[Function]}
      role="button"
      style={
        Object {
          "float": "right",
          "margin": "50px 80px",
        }
      }
      tabIndex={undefined}
    >
      Create a timetable
    </button>
  </div>
</div>
`;
